(program
  (let
    (nonrec)
    (termbind
      (strict)
      (vardecl error (all a (type) (fun (con unit) a)))
      (abs a (type) (lam thunk (con unit) (error a)))
    )
    (termbind
      (strict)
      (vardecl traceError (all a (type) (fun (con string) a)))
      (abs a (type) (lam str (con string) [ { error a } (con unit ()) ]))
    )
    [ { traceError (con integer) } (con string "") ]
  )
)